 -------------------------------------------------------
  Input file: ................... test_data/speech_quiet_24bit.wav, 24 bits, fs=16000 Hz
  Block Length: .................     256 [samples]
  Starting Block: ...............       1 []
  Number of Blocks: .............     412 []
  dBov desired for output: ...... -26.000 [dBov]
  Norm factor desired is: .......  44.876 [times]
  Max norm WITHOUT saturation: .. -24.871 [dBov]
 -------------------------------------------------------
  DC level: .....................      46 [PCM]
  Maximum positive value: .......  164155 [PCM]
  Maximum negative value: ....... -102591 [PCM]
 -------------------------------------------------------
  Long term energy (rms): ....... -59.478 [dBov]
  Active speech level: .......... -59.040 [dBov]
  RMS peak-factor found: ........  25.310 [dB]
  Active peak factor found: .....  24.871 [dB]
  Activity factor: ..............  90.403 [%]
 -------------------------------------------------------
