                   +------------------------------------------+
                   |  Average Amplitude Spectra (in dB)       |
+------------------+------------------------------------------+
| frequencies (Hz) | Input of the codec | Output of the codec |
+------------------+------------------------------------------+
|          0       |       -24.00       |        -24.00       |
|          7       |       -21.59       |        -21.59       |
|         15       |       -22.05       |        -22.05       |
|         23       |       -23.95       |        -23.95       |
|         31       |       -21.70       |        -21.70       |
|         39       |       -23.12       |        -23.12       |
|         46       |       -20.22       |        -20.22       |
|         54       |       -18.87       |        -18.87       |
|         62       |       -20.00       |        -20.00       |
|         70       |       -23.00       |        -23.00       |
|         78       |       -23.31       |        -23.31       |
|         85       |       -22.53       |        -22.53       |
|         93       |       -20.87       |        -20.87       |
|        101       |       -20.80       |        -20.80       |
|        109       |       -20.14       |        -20.14       |
|        117       |       -20.02       |        -20.02       |
|        125       |       -18.05       |        -18.05       |
|        132       |       -21.52       |        -21.52       |
|        140       |       -24.84       |        -24.84       |
|        148       |       -22.28       |        -22.28       |
|        156       |       -22.23       |        -22.23       |
|        164       |       -23.28       |        -23.28       |
|        171       |       -27.23       |        -27.23       |
|        179       |       -24.45       |        -24.45       |
|        187       |       -22.28       |        -22.28       |
|        195       |       -21.77       |        -21.77       |
|        203       |       -20.35       |        -20.35       |
|        210       |       -19.51       |        -19.51       |
|        218       |       -20.96       |        -20.96       |
|        226       |       -21.76       |        -21.76       |
|        234       |       -23.76       |        -23.76       |
|        242       |       -21.86       |        -21.86       |
|        250       |       -22.14       |        -22.14       |
|        257       |       -23.99       |        -23.99       |
|        265       |       -21.75       |        -21.75       |
|        273       |       -22.16       |        -22.16       |
|        281       |       -22.60       |        -22.60       |
|        289       |       -25.99       |        -25.99       |
|        296       |       -22.70       |        -22.70       |
|        304       |       -22.28       |        -22.28       |
|        312       |       -24.12       |        -24.12       |
|        320       |       -21.30       |        -21.30       |
|        328       |       -19.19       |        -19.19       |
|        335       |       -23.74       |        -23.74       |
|        343       |       -22.83       |        -22.83       |
|        351       |       -22.32       |        -22.32       |
|        359       |       -20.31       |        -20.31       |
|        367       |       -21.10       |        -21.10       |
|        375       |       -23.23       |        -23.23       |
|        382       |       -22.56       |        -22.56       |
|        390       |       -21.43       |        -21.43       |
|        398       |       -19.65       |        -19.65       |
|        406       |       -25.32       |        -25.32       |
|        414       |       -23.91       |        -23.91       |
|        421       |       -21.40       |        -21.40       |
|        429       |       -20.57       |        -20.57       |
|        437       |       -20.39       |        -20.39       |
|        445       |       -21.82       |        -21.82       |
|        453       |       -18.82       |        -18.82       |
|        460       |       -18.18       |        -18.18       |
|        468       |       -20.36       |        -20.36       |
|        476       |       -21.01       |        -21.01       |
|        484       |       -22.58       |        -22.58       |
|        492       |       -25.29       |        -25.29       |
|        500       |       -24.36       |        -24.36       |
|        507       |       -21.40       |        -21.40       |
|        515       |       -20.23       |        -20.23       |
|        523       |       -20.82       |        -20.82       |
|        531       |       -20.33       |        -20.33       |
|        539       |       -20.26       |        -20.26       |
|        546       |       -21.29       |        -21.29       |
|        554       |       -18.44       |        -18.44       |
|        562       |       -20.85       |        -20.85       |
|        570       |       -22.64       |        -22.64       |
|        578       |       -23.24       |        -23.24       |
|        585       |       -25.19       |        -25.19       |
|        593       |       -23.18       |        -23.18       |
|        601       |       -20.44       |        -20.44       |
|        609       |       -21.92       |        -21.92       |
|        617       |       -24.86       |        -24.86       |
|        625       |       -23.28       |        -23.28       |
|        632       |       -23.14       |        -23.14       |
|        640       |       -22.13       |        -22.13       |
|        648       |       -23.00       |        -23.00       |
|        656       |       -21.69       |        -21.69       |
|        664       |       -19.39       |        -19.39       |
|        671       |       -20.15       |        -20.15       |
|        679       |       -19.99       |        -19.99       |
|        687       |       -21.34       |        -21.34       |
|        695       |       -23.04       |        -23.04       |
|        703       |       -23.88       |        -23.88       |
|        710       |       -21.79       |        -21.79       |
|        718       |       -21.26       |        -21.26       |
|        726       |       -21.65       |        -21.65       |
|        734       |       -21.65       |        -21.65       |
|        742       |       -24.23       |        -24.23       |
|        750       |       -22.77       |        -22.77       |
|        757       |       -23.12       |        -23.12       |
|        765       |       -20.22       |        -20.22       |
|        773       |       -21.67       |        -21.67       |
|        781       |       -21.35       |        -21.35       |
|        789       |       -22.24       |        -22.24       |
|        796       |       -21.24       |        -21.24       |
|        804       |       -22.93       |        -22.93       |
|        812       |       -23.60       |        -23.60       |
|        820       |       -22.24       |        -22.24       |
|        828       |       -19.45       |        -19.45       |
|        835       |       -22.00       |        -22.00       |
|        843       |       -24.23       |        -24.23       |
|        851       |       -20.70       |        -20.70       |
|        859       |       -22.19       |        -22.19       |
|        867       |       -25.11       |        -25.11       |
|        875       |       -24.98       |        -24.98       |
|        882       |       -24.59       |        -24.59       |
|        890       |       -23.48       |        -23.48       |
|        898       |       -19.96       |        -19.96       |
|        906       |       -20.24       |        -20.24       |
|        914       |       -20.61       |        -20.61       |
|        921       |       -22.91       |        -22.91       |
|        929       |       -23.76       |        -23.76       |
|        937       |       -21.65       |        -21.65       |
|        945       |       -21.26       |        -21.26       |
|        953       |       -22.52       |        -22.52       |
|        960       |       -23.49       |        -23.49       |
|        968       |       -21.97       |        -21.97       |
|        976       |       -21.10       |        -21.10       |
|        984       |       -25.49       |        -25.49       |
|        992       |       -21.60       |        -21.60       |
|       1000       |       -21.38       |        -21.38       |
|       1007       |       -20.96       |        -20.96       |
|       1015       |       -22.35       |        -22.35       |
|       1023       |       -28.83       |        -28.83       |
|       1031       |       -21.71       |        -21.71       |
|       1039       |       -19.90       |        -19.90       |
|       1046       |       -21.90       |        -21.90       |
|       1054       |       -21.97       |        -21.97       |
|       1062       |       -22.63       |        -22.63       |
|       1070       |       -21.83       |        -21.83       |
|       1078       |       -22.05       |        -22.05       |
|       1085       |       -21.53       |        -21.53       |
|       1093       |       -20.36       |        -20.36       |
|       1101       |       -21.59       |        -21.59       |
|       1109       |       -20.92       |        -20.92       |
|       1117       |       -23.64       |        -23.64       |
|       1125       |       -18.97       |        -18.97       |
|       1132       |       -20.26       |        -20.26       |
|       1140       |       -20.51       |        -20.51       |
|       1148       |       -20.05       |        -20.05       |
|       1156       |       -21.19       |        -21.19       |
|       1164       |       -22.68       |        -22.68       |
|       1171       |       -21.89       |        -21.89       |
|       1179       |       -22.52       |        -22.52       |
|       1187       |       -24.16       |        -24.16       |
|       1195       |       -23.42       |        -23.42       |
|       1203       |       -21.36       |        -21.36       |
|       1210       |       -23.91       |        -23.91       |
|       1218       |       -24.94       |        -24.94       |
|       1226       |       -19.76       |        -19.76       |
|       1234       |       -21.30       |        -21.30       |
|       1242       |       -25.08       |        -25.08       |
|       1250       |       -25.67       |        -25.67       |
|       1257       |       -23.69       |        -23.69       |
|       1265       |       -21.99       |        -21.99       |
|       1273       |       -22.56       |        -22.56       |
|       1281       |       -22.06       |        -22.06       |
|       1289       |       -23.89       |        -23.89       |
|       1296       |       -23.94       |        -23.94       |
|       1304       |       -26.23       |        -26.23       |
|       1312       |       -22.36       |        -22.36       |
|       1320       |       -19.71       |        -19.71       |
|       1328       |       -21.13       |        -21.13       |
|       1335       |       -22.91       |        -22.91       |
|       1343       |       -20.47       |        -20.47       |
|       1351       |       -20.64       |        -20.64       |
|       1359       |       -25.57       |        -25.57       |
|       1367       |       -26.40       |        -26.40       |
|       1375       |       -21.01       |        -21.01       |
|       1382       |       -21.48       |        -21.48       |
|       1390       |       -21.11       |        -21.11       |
|       1398       |       -22.06       |        -22.06       |
|       1406       |       -20.39       |        -20.39       |
|       1414       |       -20.59       |        -20.59       |
|       1421       |       -24.29       |        -24.29       |
|       1429       |       -20.50       |        -20.50       |
|       1437       |       -19.10       |        -19.10       |
|       1445       |       -20.95       |        -20.95       |
|       1453       |       -23.22       |        -23.22       |
|       1460       |       -22.30       |        -22.30       |
|       1468       |       -21.25       |        -21.25       |
|       1476       |       -22.90       |        -22.90       |
|       1484       |       -22.84       |        -22.84       |
|       1492       |       -22.88       |        -22.88       |
|       1500       |       -24.20       |        -24.20       |
|       1507       |       -20.99       |        -20.99       |
|       1515       |       -21.35       |        -21.35       |
|       1523       |       -22.71       |        -22.71       |
|       1531       |       -23.28       |        -23.28       |
|       1539       |       -17.68       |        -17.68       |
|       1546       |       -17.61       |        -17.61       |
|       1554       |       -19.20       |        -19.20       |
|       1562       |       -19.10       |        -19.10       |
|       1570       |       -19.71       |        -19.71       |
|       1578       |       -21.55       |        -21.55       |
|       1585       |       -20.74       |        -20.74       |
|       1593       |       -26.17       |        -26.17       |
|       1601       |       -21.08       |        -21.08       |
|       1609       |       -19.27       |        -19.27       |
|       1617       |       -20.40       |        -20.40       |
|       1625       |       -20.58       |        -20.58       |
|       1632       |       -21.39       |        -21.39       |
|       1640       |       -25.57       |        -25.57       |
|       1648       |       -22.66       |        -22.66       |
|       1656       |       -21.33       |        -21.33       |
|       1664       |       -21.11       |        -21.11       |
|       1671       |       -20.46       |        -20.46       |
|       1679       |       -21.60       |        -21.60       |
|       1687       |       -22.73       |        -22.73       |
|       1695       |       -19.54       |        -19.54       |
|       1703       |       -18.93       |        -18.93       |
|       1710       |       -22.46       |        -22.46       |
|       1718       |       -24.88       |        -24.88       |
|       1726       |       -23.54       |        -23.54       |
|       1734       |       -21.14       |        -21.14       |
|       1742       |       -22.36       |        -22.36       |
|       1750       |       -23.04       |        -23.04       |
|       1757       |       -22.03       |        -22.03       |
|       1765       |       -20.97       |        -20.97       |
|       1773       |       -23.69       |        -23.69       |
|       1781       |       -19.72       |        -19.72       |
|       1789       |       -18.87       |        -18.87       |
|       1796       |       -20.57       |        -20.57       |
|       1804       |       -21.28       |        -21.28       |
|       1812       |       -21.11       |        -21.11       |
|       1820       |       -24.60       |        -24.60       |
|       1828       |       -23.15       |        -23.15       |
|       1835       |       -20.28       |        -20.28       |
|       1843       |       -22.96       |        -22.96       |
|       1851       |       -24.34       |        -24.34       |
|       1859       |       -23.80       |        -23.80       |
|       1867       |       -22.93       |        -22.93       |
|       1875       |       -19.63       |        -19.63       |
|       1882       |       -22.89       |        -22.89       |
|       1890       |       -24.53       |        -24.53       |
|       1898       |       -23.80       |        -23.80       |
|       1906       |       -20.68       |        -20.68       |
|       1914       |       -20.34       |        -20.34       |
|       1921       |       -24.44       |        -24.44       |
|       1929       |       -25.58       |        -25.58       |
|       1937       |       -21.33       |        -21.33       |
|       1945       |       -22.17       |        -22.17       |
|       1953       |       -24.38       |        -24.38       |
|       1960       |       -23.13       |        -23.13       |
|       1968       |       -22.87       |        -22.87       |
|       1976       |       -22.59       |        -22.59       |
|       1984       |       -24.11       |        -24.11       |
|       1992       |       -24.38       |        -24.38       |
|       2000       |       -20.05       |        -20.05       |
|       2007       |       -21.97       |        -21.97       |
|       2015       |       -21.88       |        -21.88       |
|       2023       |       -21.69       |        -21.69       |
|       2031       |       -19.14       |        -19.14       |
|       2039       |       -19.13       |        -19.13       |
|       2046       |       -20.37       |        -20.37       |
|       2054       |       -20.72       |        -20.72       |
|       2062       |       -23.25       |        -23.25       |
|       2070       |       -21.46       |        -21.46       |
|       2078       |       -22.17       |        -22.17       |
|       2085       |       -22.06       |        -22.06       |
|       2093       |       -21.08       |        -21.08       |
|       2101       |       -21.27       |        -21.27       |
|       2109       |       -19.11       |        -19.11       |
|       2117       |       -19.24       |        -19.24       |
|       2125       |       -20.01       |        -20.01       |
|       2132       |       -24.85       |        -24.85       |
|       2140       |       -23.89       |        -23.89       |
|       2148       |       -20.61       |        -20.61       |
|       2156       |       -20.05       |        -20.05       |
|       2164       |       -23.18       |        -23.18       |
|       2171       |       -21.32       |        -21.32       |
|       2179       |       -21.77       |        -21.77       |
|       2187       |       -24.58       |        -24.58       |
|       2195       |       -22.68       |        -22.68       |
|       2203       |       -21.42       |        -21.42       |
|       2210       |       -21.12       |        -21.12       |
|       2218       |       -20.91       |        -20.91       |
|       2226       |       -19.64       |        -19.64       |
|       2234       |       -18.38       |        -18.38       |
|       2242       |       -20.02       |        -20.02       |
|       2250       |       -19.70       |        -19.70       |
|       2257       |       -22.13       |        -22.13       |
|       2265       |       -22.22       |        -22.22       |
|       2273       |       -20.00       |        -20.00       |
|       2281       |       -18.21       |        -18.21       |
|       2289       |       -21.64       |        -21.64       |
|       2296       |       -21.94       |        -21.94       |
|       2304       |       -18.87       |        -18.87       |
|       2312       |       -19.27       |        -19.27       |
|       2320       |       -18.81       |        -18.81       |
|       2328       |       -19.59       |        -19.59       |
|       2335       |       -25.35       |        -25.35       |
|       2343       |       -22.68       |        -22.68       |
|       2351       |       -21.88       |        -21.88       |
|       2359       |       -20.74       |        -20.74       |
|       2367       |       -20.04       |        -20.04       |
|       2375       |       -23.31       |        -23.31       |
|       2382       |       -23.32       |        -23.32       |
|       2390       |       -22.50       |        -22.50       |
|       2398       |       -22.41       |        -22.41       |
|       2406       |       -23.78       |        -23.78       |
|       2414       |       -21.42       |        -21.42       |
|       2421       |       -16.51       |        -16.51       |
|       2429       |       -16.22       |        -16.22       |
|       2437       |       -18.60       |        -18.60       |
|       2445       |       -21.12       |        -21.12       |
|       2453       |       -24.35       |        -24.35       |
|       2460       |       -23.22       |        -23.22       |
|       2468       |       -22.41       |        -22.41       |
|       2476       |       -20.60       |        -20.60       |
|       2484       |       -19.54       |        -19.54       |
|       2492       |       -20.87       |        -20.87       |
|       2500       |       -23.46       |        -23.46       |
|       2507       |       -22.96       |        -22.96       |
|       2515       |       -22.70       |        -22.70       |
|       2523       |       -22.66       |        -22.66       |
|       2531       |       -19.24       |        -19.24       |
|       2539       |       -18.30       |        -18.30       |
|       2546       |       -18.88       |        -18.88       |
|       2554       |       -19.24       |        -19.24       |
|       2562       |       -23.97       |        -23.97       |
|       2570       |       -23.78       |        -23.78       |
|       2578       |       -19.39       |        -19.39       |
|       2585       |       -19.10       |        -19.10       |
|       2593       |       -21.22       |        -21.22       |
|       2601       |       -24.47       |        -24.47       |
|       2609       |       -21.39       |        -21.39       |
|       2617       |       -19.13       |        -19.13       |
|       2625       |       -20.85       |        -20.85       |
|       2632       |       -22.33       |        -22.33       |
|       2640       |       -20.00       |        -20.00       |
|       2648       |       -23.39       |        -23.39       |
|       2656       |       -24.78       |        -24.78       |
|       2664       |       -19.31       |        -19.31       |
|       2671       |       -16.78       |        -16.78       |
|       2679       |       -18.14       |        -18.14       |
|       2687       |       -20.06       |        -20.06       |
|       2695       |       -21.35       |        -21.35       |
|       2703       |       -21.81       |        -21.81       |
|       2710       |       -22.38       |        -22.38       |
|       2718       |       -21.76       |        -21.76       |
|       2726       |       -20.57       |        -20.57       |
|       2734       |       -21.33       |        -21.33       |
|       2742       |       -19.76       |        -19.76       |
|       2750       |       -18.66       |        -18.66       |
|       2757       |       -19.95       |        -19.95       |
|       2765       |       -23.20       |        -23.20       |
|       2773       |       -25.52       |        -25.52       |
|       2781       |       -19.72       |        -19.72       |
|       2789       |       -19.54       |        -19.54       |
|       2796       |       -24.80       |        -24.80       |
|       2804       |       -21.59       |        -21.59       |
|       2812       |       -21.46       |        -21.46       |
|       2820       |       -22.60       |        -22.60       |
|       2828       |       -21.78       |        -21.78       |
|       2835       |       -19.95       |        -19.95       |
|       2843       |       -21.88       |        -21.88       |
|       2851       |       -22.09       |        -22.09       |
|       2859       |       -20.63       |        -20.63       |
|       2867       |       -20.08       |        -20.08       |
|       2875       |       -18.95       |        -18.95       |
|       2882       |       -19.25       |        -19.25       |
|       2890       |       -20.80       |        -20.80       |
|       2898       |       -21.83       |        -21.83       |
|       2906       |       -24.66       |        -24.66       |
|       2914       |       -21.17       |        -21.17       |
|       2921       |       -23.18       |        -23.18       |
|       2929       |       -19.13       |        -19.13       |
|       2937       |       -18.77       |        -18.77       |
|       2945       |       -25.71       |        -25.71       |
|       2953       |       -21.49       |        -21.49       |
|       2960       |       -19.04       |        -19.04       |
|       2968       |       -18.33       |        -18.33       |
|       2976       |       -20.44       |        -20.44       |
|       2984       |       -19.88       |        -19.88       |
|       2992       |       -20.52       |        -20.52       |
|       3000       |       -18.07       |        -18.07       |
|       3007       |       -18.50       |        -18.50       |
|       3015       |       -22.52       |        -22.52       |
|       3023       |       -20.74       |        -20.74       |
|       3031       |       -17.99       |        -17.99       |
|       3039       |       -23.29       |        -23.29       |
|       3046       |       -22.17       |        -22.17       |
|       3054       |       -20.67       |        -20.67       |
|       3062       |       -21.89       |        -21.89       |
|       3070       |       -19.45       |        -19.45       |
|       3078       |       -20.60       |        -20.60       |
|       3085       |       -21.70       |        -21.70       |
|       3093       |       -20.07       |        -20.07       |
|       3101       |       -18.31       |        -18.31       |
|       3109       |       -18.33       |        -18.33       |
|       3117       |       -21.24       |        -21.24       |
|       3125       |       -23.81       |        -23.81       |
|       3132       |       -25.80       |        -25.80       |
|       3140       |       -23.40       |        -23.40       |
|       3148       |       -19.13       |        -19.13       |
|       3156       |       -22.55       |        -22.55       |
|       3164       |       -22.74       |        -22.74       |
|       3171       |       -22.20       |        -22.20       |
|       3179       |       -21.88       |        -21.88       |
|       3187       |       -20.30       |        -20.30       |
|       3195       |       -21.64       |        -21.64       |
|       3203       |       -24.72       |        -24.72       |
|       3210       |       -20.86       |        -20.86       |
|       3218       |       -22.23       |        -22.23       |
|       3226       |       -25.43       |        -25.43       |
|       3234       |       -21.36       |        -21.36       |
|       3242       |       -19.61       |        -19.61       |
|       3250       |       -20.15       |        -20.15       |
|       3257       |       -22.07       |        -22.07       |
|       3265       |       -20.23       |        -20.23       |
|       3273       |       -20.14       |        -20.14       |
|       3281       |       -26.25       |        -26.25       |
|       3289       |       -22.81       |        -22.81       |
|       3296       |       -20.24       |        -20.24       |
|       3304       |       -20.29       |        -20.29       |
|       3312       |       -19.63       |        -19.63       |
|       3320       |       -20.53       |        -20.53       |
|       3328       |       -20.71       |        -20.71       |
|       3335       |       -23.63       |        -23.63       |
|       3343       |       -23.37       |        -23.37       |
|       3351       |       -20.13       |        -20.13       |
|       3359       |       -19.65       |        -19.65       |
|       3367       |       -20.20       |        -20.20       |
|       3375       |       -22.81       |        -22.81       |
|       3382       |       -23.07       |        -23.07       |
|       3390       |       -18.70       |        -18.70       |
|       3398       |       -17.93       |        -17.93       |
|       3406       |       -20.23       |        -20.23       |
|       3414       |       -20.71       |        -20.71       |
|       3421       |       -20.86       |        -20.86       |
|       3429       |       -21.82       |        -21.82       |
|       3437       |       -24.25       |        -24.25       |
|       3445       |       -20.00       |        -20.00       |
|       3453       |       -20.48       |        -20.48       |
|       3460       |       -23.17       |        -23.17       |
|       3468       |       -22.13       |        -22.13       |
|       3476       |       -24.34       |        -24.34       |
|       3484       |       -23.13       |        -23.13       |
|       3492       |       -22.25       |        -22.25       |
|       3500       |       -20.76       |        -20.76       |
|       3507       |       -20.47       |        -20.47       |
|       3515       |       -24.42       |        -24.42       |
|       3523       |       -22.79       |        -22.79       |
|       3531       |       -22.91       |        -22.91       |
|       3539       |       -20.36       |        -20.36       |
|       3546       |       -19.50       |        -19.50       |
|       3554       |       -21.60       |        -21.60       |
|       3562       |       -20.33       |        -20.33       |
|       3570       |       -19.58       |        -19.58       |
|       3578       |       -23.05       |        -23.05       |
|       3585       |       -26.47       |        -26.47       |
|       3593       |       -23.08       |        -23.08       |
|       3601       |       -21.51       |        -21.51       |
|       3609       |       -23.34       |        -23.34       |
|       3617       |       -23.19       |        -23.19       |
|       3625       |       -22.06       |        -22.06       |
|       3632       |       -19.25       |        -19.25       |
|       3640       |       -20.63       |        -20.63       |
|       3648       |       -20.04       |        -20.04       |
|       3656       |       -21.79       |        -21.79       |
|       3664       |       -20.11       |        -20.11       |
|       3671       |       -19.86       |        -19.86       |
|       3679       |       -20.85       |        -20.85       |
|       3687       |       -20.32       |        -20.32       |
|       3695       |       -18.41       |        -18.41       |
|       3703       |       -22.05       |        -22.05       |
|       3710       |       -20.00       |        -20.00       |
|       3718       |       -20.19       |        -20.19       |
|       3726       |       -20.45       |        -20.45       |
|       3734       |       -21.60       |        -21.60       |
|       3742       |       -22.87       |        -22.87       |
|       3750       |       -20.55       |        -20.55       |
|       3757       |       -21.76       |        -21.76       |
|       3765       |       -22.42       |        -22.42       |
|       3773       |       -21.36       |        -21.36       |
|       3781       |       -22.84       |        -22.84       |
|       3789       |       -24.05       |        -24.05       |
|       3796       |       -22.55       |        -22.55       |
|       3804       |       -20.44       |        -20.44       |
|       3812       |       -19.36       |        -19.36       |
|       3820       |       -17.52       |        -17.52       |
|       3828       |       -17.97       |        -17.97       |
|       3835       |       -21.97       |        -21.97       |
|       3843       |       -20.98       |        -20.98       |
|       3851       |       -17.00       |        -17.00       |
|       3859       |       -17.74       |        -17.74       |
|       3867       |       -21.68       |        -21.68       |
|       3875       |       -21.71       |        -21.71       |
|       3882       |       -20.56       |        -20.56       |
|       3890       |       -24.30       |        -24.30       |
|       3898       |       -23.99       |        -23.99       |
|       3906       |       -20.84       |        -20.84       |
|       3914       |       -20.56       |        -20.56       |
|       3921       |       -22.78       |        -22.78       |
|       3929       |       -22.01       |        -22.01       |
|       3937       |       -20.71       |        -20.71       |
|       3945       |       -21.44       |        -21.44       |
|       3953       |       -19.97       |        -19.97       |
|       3960       |       -21.69       |        -21.69       |
|       3968       |       -22.80       |        -22.80       |
|       3976       |       -19.83       |        -19.83       |
|       3984       |       -20.28       |        -20.28       |
|       3992       |       -21.29       |        -21.29       |
|       4000       |       -21.42       |        -21.42       |
|       4007       |       -19.63       |        -19.63       |
|       4015       |       -20.55       |        -20.55       |
|       4023       |       -23.65       |        -23.65       |
|       4031       |       -22.41       |        -22.41       |
|       4039       |       -22.61       |        -22.61       |
|       4046       |       -26.07       |        -26.07       |
|       4054       |       -23.05       |        -23.05       |
|       4062       |       -24.31       |        -24.31       |
|       4070       |       -21.59       |        -21.59       |
|       4078       |       -20.69       |        -20.69       |
|       4085       |       -21.38       |        -21.38       |
|       4093       |       -24.19       |        -24.19       |
|       4101       |       -22.82       |        -22.82       |
|       4109       |       -21.06       |        -21.06       |
|       4117       |       -23.30       |        -23.30       |
|       4125       |       -22.94       |        -22.94       |
|       4132       |       -18.87       |        -18.87       |
|       4140       |       -18.95       |        -18.95       |
|       4148       |       -20.39       |        -20.39       |
|       4156       |       -25.63       |        -25.63       |
|       4164       |       -26.87       |        -26.87       |
|       4171       |       -25.17       |        -25.17       |
|       4179       |       -25.31       |        -25.31       |
|       4187       |       -27.27       |        -27.27       |
|       4195       |       -27.80       |        -27.80       |
|       4203       |       -24.62       |        -24.62       |
|       4210       |       -23.11       |        -23.11       |
|       4218       |       -22.66       |        -22.66       |
|       4226       |       -21.15       |        -21.15       |
|       4234       |       -19.58       |        -19.58       |
|       4242       |       -17.86       |        -17.86       |
|       4250       |       -20.35       |        -20.35       |
|       4257       |       -26.36       |        -26.36       |
|       4265       |       -24.22       |        -24.22       |
|       4273       |       -21.87       |        -21.87       |
|       4281       |       -20.97       |        -20.97       |
|       4289       |       -23.04       |        -23.04       |
|       4296       |       -23.53       |        -23.53       |
|       4304       |       -24.51       |        -24.51       |
|       4312       |       -23.29       |        -23.29       |
|       4320       |       -22.91       |        -22.91       |
|       4328       |       -20.67       |        -20.67       |
|       4335       |       -20.58       |        -20.58       |
|       4343       |       -25.31       |        -25.31       |
|       4351       |       -23.15       |        -23.15       |
|       4359       |       -19.25       |        -19.25       |
|       4367       |       -20.45       |        -20.45       |
|       4375       |       -19.37       |        -19.37       |
|       4382       |       -19.34       |        -19.34       |
|       4390       |       -22.12       |        -22.12       |
|       4398       |       -22.01       |        -22.01       |
|       4406       |       -18.70       |        -18.70       |
|       4414       |       -19.77       |        -19.77       |
|       4421       |       -24.24       |        -24.24       |
|       4429       |       -26.42       |        -26.42       |
|       4437       |       -24.41       |        -24.41       |
|       4445       |       -21.79       |        -21.79       |
|       4453       |       -21.11       |        -21.11       |
|       4460       |       -20.79       |        -20.79       |
|       4468       |       -20.51       |        -20.51       |
|       4476       |       -19.44       |        -19.44       |
|       4484       |       -18.88       |        -18.88       |
|       4492       |       -16.38       |        -16.38       |
|       4500       |       -16.54       |        -16.54       |
|       4507       |       -19.35       |        -19.35       |
|       4515       |       -21.73       |        -21.73       |
|       4523       |       -26.03       |        -26.03       |
|       4531       |       -20.49       |        -20.49       |
|       4539       |       -19.76       |        -19.76       |
|       4546       |       -24.04       |        -24.04       |
|       4554       |       -23.00       |        -23.00       |
|       4562       |       -20.45       |        -20.45       |
|       4570       |       -23.24       |        -23.24       |
|       4578       |       -23.42       |        -23.42       |
|       4585       |       -20.12       |        -20.12       |
|       4593       |       -18.67       |        -18.67       |
|       4601       |       -18.47       |        -18.47       |
|       4609       |       -20.55       |        -20.55       |
|       4617       |       -21.43       |        -21.43       |
|       4625       |       -23.97       |        -23.97       |
|       4632       |       -20.73       |        -20.73       |
|       4640       |       -19.48       |        -19.48       |
|       4648       |       -20.72       |        -20.72       |
|       4656       |       -21.30       |        -21.30       |
|       4664       |       -21.16       |        -21.16       |
|       4671       |       -19.86       |        -19.86       |
|       4679       |       -19.93       |        -19.93       |
|       4687       |       -18.98       |        -18.98       |
|       4695       |       -18.94       |        -18.94       |
|       4703       |       -20.47       |        -20.47       |
|       4710       |       -21.91       |        -21.91       |
|       4718       |       -22.74       |        -22.74       |
|       4726       |       -21.58       |        -21.58       |
|       4734       |       -19.91       |        -19.91       |
|       4742       |       -19.94       |        -19.94       |
|       4750       |       -22.88       |        -22.88       |
|       4757       |       -19.34       |        -19.34       |
|       4765       |       -18.79       |        -18.79       |
|       4773       |       -22.95       |        -22.95       |
|       4781       |       -25.16       |        -25.16       |
|       4789       |       -19.90       |        -19.90       |
|       4796       |       -19.99       |        -19.99       |
|       4804       |       -23.45       |        -23.45       |
|       4812       |       -23.60       |        -23.60       |
|       4820       |       -20.31       |        -20.31       |
|       4828       |       -22.15       |        -22.15       |
|       4835       |       -19.13       |        -19.13       |
|       4843       |       -17.33       |        -17.33       |
|       4851       |       -19.64       |        -19.64       |
|       4859       |       -20.16       |        -20.16       |
|       4867       |       -20.96       |        -20.96       |
|       4875       |       -21.36       |        -21.36       |
|       4882       |       -20.52       |        -20.52       |
|       4890       |       -21.60       |        -21.60       |
|       4898       |       -22.07       |        -22.07       |
|       4906       |       -20.85       |        -20.85       |
|       4914       |       -24.54       |        -24.54       |
|       4921       |       -22.35       |        -22.35       |
|       4929       |       -23.21       |        -23.21       |
|       4937       |       -23.26       |        -23.26       |
|       4945       |       -23.47       |        -23.47       |
|       4953       |       -25.02       |        -25.02       |
|       4960       |       -22.63       |        -22.63       |
|       4968       |       -21.35       |        -21.35       |
|       4976       |       -20.64       |        -20.64       |
|       4984       |       -23.73       |        -23.73       |
|       4992       |       -23.61       |        -23.61       |
|       5000       |       -21.09       |        -21.09       |
|       5007       |       -20.54       |        -20.54       |
|       5015       |       -20.05       |        -20.05       |
|       5023       |       -27.61       |        -27.61       |
|       5031       |       -23.27       |        -23.27       |
|       5039       |       -23.12       |        -23.12       |
|       5046       |       -25.22       |        -25.22       |
|       5054       |       -18.96       |        -18.96       |
|       5062       |       -21.34       |        -21.34       |
|       5070       |       -21.44       |        -21.44       |
|       5078       |       -20.22       |        -20.22       |
|       5085       |       -22.89       |        -22.89       |
|       5093       |       -21.69       |        -21.69       |
|       5101       |       -21.72       |        -21.72       |
|       5109       |       -19.73       |        -19.73       |
|       5117       |       -19.54       |        -19.54       |
|       5125       |       -20.62       |        -20.62       |
|       5132       |       -18.16       |        -18.16       |
|       5140       |       -22.68       |        -22.68       |
|       5148       |       -22.15       |        -22.15       |
|       5156       |       -23.98       |        -23.98       |
|       5164       |       -25.35       |        -25.35       |
|       5171       |       -22.38       |        -22.38       |
|       5179       |       -19.75       |        -19.75       |
|       5187       |       -20.19       |        -20.19       |
|       5195       |       -21.09       |        -21.09       |
|       5203       |       -20.90       |        -20.90       |
|       5210       |       -20.57       |        -20.57       |
|       5218       |       -23.66       |        -23.66       |
|       5226       |       -24.59       |        -24.59       |
|       5234       |       -27.24       |        -27.24       |
|       5242       |       -22.75       |        -22.75       |
|       5250       |       -19.39       |        -19.39       |
|       5257       |       -23.14       |        -23.14       |
|       5265       |       -23.47       |        -23.47       |
|       5273       |       -22.60       |        -22.60       |
|       5281       |       -22.41       |        -22.41       |
|       5289       |       -23.77       |        -23.77       |
|       5296       |       -19.54       |        -19.54       |
|       5304       |       -19.93       |        -19.93       |
|       5312       |       -22.17       |        -22.17       |
|       5320       |       -23.48       |        -23.48       |
|       5328       |       -20.69       |        -20.69       |
|       5335       |       -20.56       |        -20.56       |
|       5343       |       -20.49       |        -20.49       |
|       5351       |       -21.47       |        -21.47       |
|       5359       |       -21.39       |        -21.39       |
|       5367       |       -20.22       |        -20.22       |
|       5375       |       -22.64       |        -22.64       |
|       5382       |       -24.78       |        -24.78       |
|       5390       |       -24.57       |        -24.57       |
|       5398       |       -19.99       |        -19.99       |
|       5406       |       -19.47       |        -19.47       |
|       5414       |       -23.92       |        -23.92       |
|       5421       |       -21.85       |        -21.85       |
|       5429       |       -23.12       |        -23.12       |
|       5437       |       -22.52       |        -22.52       |
|       5445       |       -23.75       |        -23.75       |
|       5453       |       -24.20       |        -24.20       |
|       5460       |       -22.01       |        -22.01       |
|       5468       |       -21.22       |        -21.22       |
|       5476       |       -21.82       |        -21.82       |
|       5484       |       -23.40       |        -23.40       |
|       5492       |       -22.67       |        -22.67       |
|       5500       |       -23.61       |        -23.61       |
|       5507       |       -23.68       |        -23.68       |
|       5515       |       -23.88       |        -23.88       |
|       5523       |       -20.02       |        -20.02       |
|       5531       |       -19.46       |        -19.46       |
|       5539       |       -25.92       |        -25.92       |
|       5546       |       -25.27       |        -25.27       |
|       5554       |       -20.37       |        -20.37       |
|       5562       |       -20.04       |        -20.04       |
|       5570       |       -21.76       |        -21.76       |
|       5578       |       -20.61       |        -20.61       |
|       5585       |       -21.14       |        -21.14       |
|       5593       |       -21.38       |        -21.38       |
|       5601       |       -21.46       |        -21.46       |
|       5609       |       -20.99       |        -20.99       |
|       5617       |       -23.28       |        -23.28       |
|       5625       |       -23.83       |        -23.83       |
|       5632       |       -24.61       |        -24.61       |
|       5640       |       -27.48       |        -27.48       |
|       5648       |       -23.37       |        -23.37       |
|       5656       |       -22.90       |        -22.90       |
|       5664       |       -22.43       |        -22.43       |
|       5671       |       -22.03       |        -22.03       |
|       5679       |       -23.51       |        -23.51       |
|       5687       |       -23.33       |        -23.33       |
|       5695       |       -18.99       |        -18.99       |
|       5703       |       -18.76       |        -18.76       |
|       5710       |       -21.57       |        -21.57       |
|       5718       |       -25.81       |        -25.81       |
|       5726       |       -20.55       |        -20.55       |
|       5734       |       -21.85       |        -21.85       |
|       5742       |       -22.83       |        -22.83       |
|       5750       |       -23.92       |        -23.92       |
|       5757       |       -21.92       |        -21.92       |
|       5765       |       -22.08       |        -22.08       |
|       5773       |       -25.66       |        -25.66       |
|       5781       |       -24.96       |        -24.96       |
|       5789       |       -23.95       |        -23.95       |
|       5796       |       -23.14       |        -23.14       |
|       5804       |       -21.05       |        -21.05       |
|       5812       |       -21.50       |        -21.50       |
|       5820       |       -23.70       |        -23.70       |
|       5828       |       -24.89       |        -24.89       |
|       5835       |       -20.22       |        -20.22       |
|       5843       |       -17.41       |        -17.41       |
|       5851       |       -21.24       |        -21.24       |
|       5859       |       -23.32       |        -23.32       |
|       5867       |       -22.81       |        -22.81       |
|       5875       |       -20.72       |        -20.72       |
|       5882       |       -18.75       |        -18.75       |
|       5890       |       -20.21       |        -20.21       |
|       5898       |       -24.03       |        -24.03       |
|       5906       |       -27.86       |        -27.86       |
|       5914       |       -21.36       |        -21.36       |
|       5921       |       -24.00       |        -24.00       |
|       5929       |       -22.74       |        -22.74       |
|       5937       |       -22.30       |        -22.30       |
|       5945       |       -22.59       |        -22.59       |
|       5953       |       -20.83       |        -20.83       |
|       5960       |       -20.51       |        -20.51       |
|       5968       |       -21.27       |        -21.27       |
|       5976       |       -20.02       |        -20.02       |
|       5984       |       -20.49       |        -20.49       |
|       5992       |       -22.63       |        -22.63       |
|       6000       |       -20.45       |        -20.45       |
|       6007       |       -19.84       |        -19.84       |
|       6015       |       -18.06       |        -18.06       |
|       6023       |       -17.31       |        -17.31       |
|       6031       |       -19.06       |        -19.06       |
|       6039       |       -21.35       |        -21.35       |
|       6046       |       -21.65       |        -21.65       |
|       6054       |       -24.00       |        -24.00       |
|       6062       |       -21.85       |        -21.85       |
|       6070       |       -21.44       |        -21.44       |
|       6078       |       -19.87       |        -19.87       |
|       6085       |       -23.11       |        -23.11       |
|       6093       |       -21.67       |        -21.67       |
|       6101       |       -22.12       |        -22.12       |
|       6109       |       -22.51       |        -22.51       |
|       6117       |       -24.34       |        -24.34       |
|       6125       |       -22.38       |        -22.38       |
|       6132       |       -21.46       |        -21.46       |
|       6140       |       -21.21       |        -21.21       |
|       6148       |       -19.01       |        -19.01       |
|       6156       |       -21.22       |        -21.22       |
|       6164       |       -22.20       |        -22.20       |
|       6171       |       -24.67       |        -24.67       |
|       6179       |       -22.26       |        -22.26       |
|       6187       |       -19.18       |        -19.18       |
|       6195       |       -19.41       |        -19.41       |
|       6203       |       -20.90       |        -20.90       |
|       6210       |       -22.12       |        -22.12       |
|       6218       |       -19.61       |        -19.61       |
|       6226       |       -19.52       |        -19.52       |
|       6234       |       -21.57       |        -21.57       |
|       6242       |       -24.65       |        -24.65       |
|       6250       |       -22.82       |        -22.82       |
|       6257       |       -20.12       |        -20.12       |
|       6265       |       -19.47       |        -19.47       |
|       6273       |       -18.45       |        -18.45       |
|       6281       |       -16.72       |        -16.72       |
|       6289       |       -18.37       |        -18.37       |
|       6296       |       -22.16       |        -22.16       |
|       6304       |       -21.70       |        -21.70       |
|       6312       |       -20.16       |        -20.16       |
|       6320       |       -21.71       |        -21.71       |
|       6328       |       -22.36       |        -22.36       |
|       6335       |       -19.46       |        -19.46       |
|       6343       |       -19.34       |        -19.34       |
|       6351       |       -19.93       |        -19.93       |
|       6359       |       -19.88       |        -19.88       |
|       6367       |       -20.61       |        -20.61       |
|       6375       |       -22.52       |        -22.52       |
|       6382       |       -21.50       |        -21.50       |
|       6390       |       -21.40       |        -21.40       |
|       6398       |       -22.16       |        -22.16       |
|       6406       |       -21.81       |        -21.81       |
|       6414       |       -20.57       |        -20.57       |
|       6421       |       -17.78       |        -17.78       |
|       6429       |       -18.68       |        -18.68       |
|       6437       |       -19.13       |        -19.13       |
|       6445       |       -19.77       |        -19.77       |
|       6453       |       -19.62       |        -19.62       |
|       6460       |       -19.48       |        -19.48       |
|       6468       |       -20.74       |        -20.74       |
|       6476       |       -22.97       |        -22.97       |
|       6484       |       -24.02       |        -24.02       |
|       6492       |       -21.69       |        -21.69       |
|       6500       |       -21.54       |        -21.54       |
|       6507       |       -19.39       |        -19.39       |
|       6515       |       -20.27       |        -20.27       |
|       6523       |       -21.54       |        -21.54       |
|       6531       |       -21.10       |        -21.10       |
|       6539       |       -19.90       |        -19.90       |
|       6546       |       -19.32       |        -19.32       |
|       6554       |       -20.44       |        -20.44       |
|       6562       |       -20.29       |        -20.29       |
|       6570       |       -18.40       |        -18.40       |
|       6578       |       -21.20       |        -21.20       |
|       6585       |       -24.46       |        -24.46       |
|       6593       |       -18.79       |        -18.79       |
|       6601       |       -20.78       |        -20.78       |
|       6609       |       -23.55       |        -23.55       |
|       6617       |       -23.63       |        -23.63       |
|       6625       |       -29.46       |        -29.46       |
|       6632       |       -25.54       |        -25.54       |
|       6640       |       -20.85       |        -20.85       |
|       6648       |       -21.32       |        -21.32       |
|       6656       |       -20.51       |        -20.51       |
|       6664       |       -22.02       |        -22.02       |
|       6671       |       -20.80       |        -20.80       |
|       6679       |       -22.57       |        -22.57       |
|       6687       |       -24.06       |        -24.06       |
|       6695       |       -19.19       |        -19.19       |
|       6703       |       -16.89       |        -16.89       |
|       6710       |       -18.25       |        -18.25       |
|       6718       |       -22.25       |        -22.25       |
|       6726       |       -23.52       |        -23.52       |
|       6734       |       -27.36       |        -27.36       |
|       6742       |       -24.50       |        -24.50       |
|       6750       |       -19.59       |        -19.59       |
|       6757       |       -18.92       |        -18.92       |
|       6765       |       -21.22       |        -21.22       |
|       6773       |       -21.34       |        -21.34       |
|       6781       |       -19.68       |        -19.68       |
|       6789       |       -21.94       |        -21.94       |
|       6796       |       -22.23       |        -22.23       |
|       6804       |       -21.57       |        -21.57       |
|       6812       |       -19.91       |        -19.91       |
|       6820       |       -20.05       |        -20.05       |
|       6828       |       -25.60       |        -25.60       |
|       6835       |       -23.38       |        -23.38       |
|       6843       |       -21.42       |        -21.42       |
|       6851       |       -18.76       |        -18.76       |
|       6859       |       -22.25       |        -22.25       |
|       6867       |       -23.19       |        -23.19       |
|       6875       |       -20.19       |        -20.19       |
|       6882       |       -19.16       |        -19.16       |
|       6890       |       -21.48       |        -21.48       |
|       6898       |       -20.00       |        -20.00       |
|       6906       |       -19.79       |        -19.79       |
|       6914       |       -26.94       |        -26.94       |
|       6921       |       -21.50       |        -21.50       |
|       6929       |       -21.19       |        -21.19       |
|       6937       |       -25.38       |        -25.38       |
|       6945       |       -22.36       |        -22.36       |
|       6953       |       -24.75       |        -24.75       |
|       6960       |       -24.72       |        -24.72       |
|       6968       |       -20.51       |        -20.51       |
|       6976       |       -19.86       |        -19.86       |
|       6984       |       -18.64       |        -18.64       |
|       6992       |       -18.64       |        -18.64       |
|       7000       |       -20.42       |        -20.42       |
|       7007       |       -17.39       |        -17.39       |
|       7015       |       -21.28       |        -21.28       |
|       7023       |       -21.67       |        -21.67       |
|       7031       |       -23.01       |        -23.01       |
|       7039       |       -23.84       |        -23.84       |
|       7046       |       -21.57       |        -21.57       |
|       7054       |       -21.36       |        -21.36       |
|       7062       |       -21.53       |        -21.53       |
|       7070       |       -24.04       |        -24.04       |
|       7078       |       -21.05       |        -21.05       |
|       7085       |       -21.30       |        -21.30       |
|       7093       |       -22.25       |        -22.25       |
|       7101       |       -22.60       |        -22.60       |
|       7109       |       -25.00       |        -25.00       |
|       7117       |       -22.84       |        -22.84       |
|       7125       |       -24.34       |        -24.34       |
|       7132       |       -20.35       |        -20.35       |
|       7140       |       -18.89       |        -18.89       |
|       7148       |       -21.66       |        -21.66       |
|       7156       |       -23.61       |        -23.61       |
|       7164       |       -19.34       |        -19.34       |
|       7171       |       -18.59       |        -18.59       |
|       7179       |       -22.06       |        -22.06       |
|       7187       |       -20.55       |        -20.55       |
|       7195       |       -20.92       |        -20.92       |
|       7203       |       -23.57       |        -23.57       |
|       7210       |       -22.62       |        -22.62       |
|       7218       |       -21.02       |        -21.02       |
|       7226       |       -18.49       |        -18.49       |
|       7234       |       -22.70       |        -22.70       |
|       7242       |       -21.56       |        -21.56       |
|       7250       |       -20.36       |        -20.36       |
|       7257       |       -22.38       |        -22.38       |
|       7265       |       -21.32       |        -21.32       |
|       7273       |       -20.44       |        -20.44       |
|       7281       |       -21.90       |        -21.90       |
|       7289       |       -21.06       |        -21.06       |
|       7296       |       -25.85       |        -25.85       |
|       7304       |       -23.36       |        -23.36       |
|       7312       |       -20.40       |        -20.40       |
|       7320       |       -19.44       |        -19.44       |
|       7328       |       -22.04       |        -22.04       |
|       7335       |       -23.75       |        -23.75       |
|       7343       |       -19.05       |        -19.05       |
|       7351       |       -19.24       |        -19.24       |
|       7359       |       -21.90       |        -21.90       |
|       7367       |       -19.57       |        -19.57       |
|       7375       |       -19.17       |        -19.17       |
|       7382       |       -20.55       |        -20.55       |
|       7390       |       -20.02       |        -20.02       |
|       7398       |       -24.16       |        -24.16       |
|       7406       |       -20.97       |        -20.97       |
|       7414       |       -18.91       |        -18.91       |
|       7421       |       -17.26       |        -17.26       |
|       7429       |       -20.48       |        -20.48       |
|       7437       |       -22.06       |        -22.06       |
|       7445       |       -22.82       |        -22.82       |
|       7453       |       -22.45       |        -22.45       |
|       7460       |       -20.30       |        -20.30       |
|       7468       |       -19.58       |        -19.58       |
|       7476       |       -20.83       |        -20.83       |
|       7484       |       -16.33       |        -16.33       |
|       7492       |       -18.71       |        -18.71       |
|       7500       |       -21.58       |        -21.58       |
|       7507       |       -23.96       |        -23.96       |
|       7515       |       -23.41       |        -23.41       |
|       7523       |       -21.10       |        -21.10       |
|       7531       |       -20.08       |        -20.08       |
|       7539       |       -20.80       |        -20.80       |
|       7546       |       -22.74       |        -22.74       |
|       7554       |       -20.14       |        -20.14       |
|       7562       |       -21.59       |        -21.59       |
|       7570       |       -19.71       |        -19.71       |
|       7578       |       -17.11       |        -17.11       |
|       7585       |       -21.68       |        -21.68       |
|       7593       |       -22.56       |        -22.56       |
|       7601       |       -22.66       |        -22.66       |
|       7609       |       -22.78       |        -22.78       |
|       7617       |       -19.22       |        -19.22       |
|       7625       |       -16.86       |        -16.86       |
|       7632       |       -18.94       |        -18.94       |
|       7640       |       -21.73       |        -21.73       |
|       7648       |       -26.41       |        -26.41       |
|       7656       |       -27.21       |        -27.21       |
|       7664       |       -20.51       |        -20.51       |
|       7671       |       -21.94       |        -21.94       |
|       7679       |       -25.76       |        -25.76       |
|       7687       |       -19.67       |        -19.67       |
|       7695       |       -20.83       |        -20.83       |
|       7703       |       -24.88       |        -24.88       |
|       7710       |       -24.34       |        -24.34       |
|       7718       |       -24.60       |        -24.60       |
|       7726       |       -26.02       |        -26.02       |
|       7734       |       -19.92       |        -19.92       |
|       7742       |       -22.62       |        -22.62       |
|       7750       |       -22.05       |        -22.05       |
|       7757       |       -23.38       |        -23.38       |
|       7765       |       -24.79       |        -24.79       |
|       7773       |       -20.56       |        -20.56       |
|       7781       |       -21.09       |        -21.09       |
|       7789       |       -20.87       |        -20.87       |
|       7796       |       -23.19       |        -23.19       |
|       7804       |       -24.81       |        -24.81       |
|       7812       |       -23.30       |        -23.30       |
|       7820       |       -22.76       |        -22.76       |
|       7828       |       -21.83       |        -21.83       |
|       7835       |       -22.46       |        -22.46       |
|       7843       |       -21.02       |        -21.02       |
|       7851       |       -21.45       |        -21.45       |
|       7859       |       -20.23       |        -20.23       |
|       7867       |       -19.84       |        -19.84       |
|       7875       |       -19.65       |        -19.65       |
|       7882       |       -21.31       |        -21.31       |
|       7890       |       -17.95       |        -17.95       |
|       7898       |       -16.96       |        -16.96       |
|       7906       |       -19.08       |        -19.08       |
|       7914       |       -20.80       |        -20.80       |
|       7921       |       -21.11       |        -21.11       |
|       7929       |       -21.27       |        -21.27       |
|       7937       |       -23.90       |        -23.90       |
|       7945       |       -22.76       |        -22.76       |
|       7953       |       -22.01       |        -22.01       |
|       7960       |       -19.75       |        -19.75       |
|       7968       |       -18.33       |        -18.33       |
|       7976       |       -21.83       |        -21.83       |
|       7984       |       -23.61       |        -23.61       |
|       7992       |       -23.39       |        -23.39       |
+------------------+------------------------------------------+
